[www.babypoocake.app/index.html]
[backblue.gif]
[fade.gif]
[index.html]
[www.babypoocake.app/assets/img/favicon_io/apple-touch-icon.png]
[www.babypoocake.app/assets/img/favicon_io/favicon-32x32.png]
[www.babypoocake.app/assets/img/favicon_io/favicon-16x16.png]
[www.babypoocake.app/assets/img/favicon_io/site.3.delayed]
[www.babypoocake.app/assets/fonts/font-awesome5.css]
[www.babypoocake.app/assets/vendor/css/animate.css]
[www.babypoocake.app/assets/css/main.css]
[www.babypoocake.app/assets/img/SVG/logo.svg]
[www.babypoocake.app/assets/img/poocoin.png]
[www.babypoocake.app/assets/img/SVG/Logotype.svg]
[www.babypoocake.app/assets/img/SVG/Mix.svg]
[www.babypoocake.app/assets/img/LogoPancake.png]
[www.babypoocake.app/assets/img/dextools.png]
[www.babypoocake.app/assets/img/SVG/HeroIMG1.svg]
[www.babypoocake.app/assets/img/SVG/Herocharacter.svg]
[www.babypoocake.app/assets/img/SVG/Why.svg]
[www.babypoocake.app/assets/img/SVG/footerlogo.svg]
[static.ads-twitter.com/uwt.js]
[www.babypoocake.app/assets/vendor/js/jquery.js]
[cdn.datatables.net/v/bs4/dt-1.10.25/datatables.min.js]
[cdn.datatables.net/fixedcolumns/3.3.3/js/dataTables.fixedColumns.min.js]
[cdn.jsdelivr.net/gh/gitbrent/bootstrap4-toggle@3.6.1/css/bootstrap4-toggle.min.css]
[cdn.jsdelivr.net/gh/gitbrent/bootstrap4-toggle@3.6.1/js/bootstrap4-toggle.min.js]
[www.babypoocake.app/assets/vendor/js/popper.js]
[www.babypoocake.app/assets/vendor/js/bootstrap.js]
[www.babypoocake.app/assets/js/util/autoPadding.js]
[www.babypoocake.app/assets/js/util/crossPlatform.js]
[www.babypoocake.app/assets/js/main.js]
[www.babypoocake.app/index.html]
[www.babypoocake.app/assets/img/favicon_io/site.html]
[www.babypoocake.app/assets/fonts/font-awesome5d41d.css]
[www.babypoocake.app/assets/fonts/fa-brands-400.woff2]
[www.babypoocake.app/assets/fonts/fa-brands-400.woff]
[www.babypoocake.app/assets/fonts/fa-brands-400.ttf]
[www.babypoocake.app/assets/fonts/fa-regular-400.eot]
[www.babypoocake.app/assets/fonts/fa-regular-400d41d.eot]
[www.babypoocake.app/assets/fonts/fa-brands-400.svg]
[www.babypoocake.app/assets/fonts/fa-regular-400.woff2]
[www.babypoocake.app/assets/fonts/fa-regular-400.woff]
[www.babypoocake.app/assets/fonts/fa-regular-400.ttf]
[www.babypoocake.app/assets/fonts/fa-regular-400.svg]
[www.babypoocake.app/assets/fonts/fa-solid-900.eot]
[www.babypoocake.app/assets/fonts/fa-solid-900d41d.eot]
[www.babypoocake.app/assets/fonts/fa-solid-900.woff2]
[www.babypoocake.app/assets/fonts/fa-solid-900.woff]
[www.babypoocake.app/assets/fonts/fa-solid-900.ttf]
[www.babypoocake.app/assets/fonts/font-awesome5.css]
[www.babypoocake.app/assets/vendor/css/animate.css]
[www.babypoocake.app/assets/img/SVG/BG1.svg]
[www.babypoocake.app/assets/css/main.css]
[www.babypoocake.app/assets/css/rtl.css]
[www.babypoocake.app/assets/img/SVG/logo.svg]
[www.babypoocake.app/assets/img/SVG/Logotype.svg]
[www.babypoocake.app/assets/img/SVG/Mix.svg]
[www.babypoocake.app/assets/img/SVG/HeroIMG1.svg]
[www.babypoocake.app/assets/img/SVG/Herocharacter.svg]
[www.babypoocake.app/assets/img/SVG/Why.svg]
[www.babypoocake.app/assets/img/SVG/footerlogo.svg]
[cdn.jsdelivr.net/gh/gitbrent/bootstrap4-toggle@3.6.1/css/bootstrap4-toggle.min.css]
[www.babypoocake.app/assets/fonts/font-awesome5d41d.css]
[www.babypoocake.app/assets/fonts/fa-brands-400.svg]
[www.babypoocake.app/assets/fonts/fa-regular-400.svg]
[www.babypoocake.app/assets/fonts/fa-solid-900.svg]
[www.babypoocake.app/assets/fonts/fa-solid-900.svg]
[www.babypoocake.app/assets/img/SVG/BG1.svg]
