[dashboard.babymatic.io/index.html]
[backblue.gif]
[fade.gif]
[index.html]
[dashboard.babymatic.io/theme-assets/images/logo.png]
[cdnjs.cloudflare.com/ajax/libs/font-awesome/4.7.0/css/font-awesome.min.css]
[d33wubrfki0l68.cloudfront.net/bundles/217b190115d347e1eb7725a320b0e9c04c72f3cd.css]
[d33wubrfki0l68.cloudfront.net/css/af075083d91ca6ee0ef03c6d3336ca48392614c0/theme-assets/css/demo.min.css]
[d33wubrfki0l68.cloudfront.net/css/6160829571382c525ac012e67e486521330822c2/theme-assets/css/template-3d-animation.css]
[dashboard.babymatic.io/theme-assets/images-3d-animation/logo.png]
[d33wubrfki0l68.cloudfront.net/6eee841aee05f4ab2b0450248905b694f08017a1/bb435/theme-assets/images/cg.png]
[d33wubrfki0l68.cloudfront.net/cdab4aaa7bc9b6515c36ff6950a4f39439519849/0c1d3/theme-assets/images/cmc.png]
[d33wubrfki0l68.cloudfront.net/7c0d654ebc8fc2b660259c3efe3aa9c95675449c/2a7f4/theme-assets/images-3d-animation/logo.png]
[d33wubrfki0l68.cloudfront.net/js/af25f640f250bd4c13a1e3fa4bdd764e2925225a/theme-assets/vendors/vendors.min.js]
[dashboard.babymatic.io/theme-assets/vendors/flipclock/flipclock.min.js]
[dashboard.babymatic.io/theme-assets/vendors/swiper/js/swiper.min.js]
[dashboard.babymatic.io/theme-assets/vendors/waypoints/jquery.waypoints.min.js]
[dashboard.babymatic.io/theme-assets/js/theme.min.js]
[code.highcharts.com/highcharts.f.delayed]
[unpkg.com/web3@1.2.11/dist/web3.min.js]
[unpkg.com/web3modal@1.9.0/dist/index.js]
[unpkg.com/evm-chains@0.2.0/dist/umd/index.min.js]
[unpkg.com/fortmatic@2.0.6/dist/fortmatic.js]
[unpkg.com/@walletconnect/web3-provider@1.2.1/dist/umd/index.min.js]
[dashboard.babymatic.io/index.html]
[cdnjs.cloudflare.com/ajax/libs/font-awesome/4.7.0/css/font-awesome.min.css]
[d33wubrfki0l68.cloudfront.net/bundles/217b190115d347e1eb7725a320b0e9c04c72f3cd.css]
[d33wubrfki0l68.cloudfront.net/css/af075083d91ca6ee0ef03c6d3336ca48392614c0/theme-assets/css/demo.min.css]
[d33wubrfki0l68.cloudfront.net/js/71b6e484a2124b7edfd33999cc70fbbbf0285d8b/logic.min.js]
[d33wubrfki0l68.cloudfront.net/theme-assets/images-3d-animation/519fc2da6a9c95d0a90923efa572c2a7a22d2c8d/footer-image.png]
[d33wubrfki0l68.cloudfront.net/e1d60c90a1dbfbc33ba62591c8394649f2154f9b/fa14b/theme-assets/images/blockchain.png]
[d33wubrfki0l68.cloudfront.net/theme-assets/images-3d-animation/0f253a3af36c1459fd4372741dc923f7935d3097/what-is-crypto-shape.png]
[d33wubrfki0l68.cloudfront.net/theme-assets/images-3d-animation/67ce79e2ac60fb48fe6215a46e07227f8c71ac80/solutions-shape.png]
[d33wubrfki0l68.cloudfront.net/theme-assets/images-3d-animation/e6be51760c6ee90261d8ab326d89571cfbe462cb/token-sale-shape.png]
[d33wubrfki0l68.cloudfront.net/theme-assets/images-3d-animation/4ac4a96862857d4e1d84d43bf27e0cee7561d353/our-coin-shape.png]
[d33wubrfki0l68.cloudfront.net/theme-assets/images-3d-animation/2a8b7b8eea1e0d3494496c6ca15e0810dca5339e/team-shape.png]
[d33wubrfki0l68.cloudfront.net/theme-assets/images-3d-animation/c15b11cbbfb8ef442c6b0ebea69044cca568fdf8/contact-shape.png]
[d33wubrfki0l68.cloudfront.net/css/6160829571382c525ac012e67e486521330822c2/theme-assets/css/template-3d-animation.css]
[d33wubrfki0l68.cloudfront.net/css/39d0988201bf5106054cea9cca5966a4a474e326/assets/css/style.css]
[code.highcharts.com/highcharts.html]
